[    0.000000] Initializing cgroup subsys cpuset
[    0.000000] Initializing cgroup subsys cpu
[    0.000000] Initializing cgroup subsys cpuacct
[    0.000000] Linux version 4.4.0-210-generic (buildd@lgw01-amd64-009) (gcc version 5.4.0 20160609 (Ubuntu 5.4.0-6ubuntu1~16.04.12) ) #242-Ubuntu SMP Fri Apr 16 09:57:56 UTC 2021 (Ubuntu 4.4.0-210.242-generic 4.4.262)
[    0.000000] Command line: BOOT_IMAGE=/boot/vmlinuz-4.4.0-210-generic root=LABEL=cloudimg-rootfs ro console=tty1 console=ttyS0
[    0.000000] KERNEL supported cpus:
[    0.000000]   Intel GenuineIntel
[    0.000000]   AMD AuthenticAMD
[    0.000000]   Centaur CentaurHauls
[    0.000000] x86/fpu: xstate_offset[2]:  576, xstate_sizes[2]:  256
[    0.000000] x86/fpu: Supporting XSAVE feature 0x01: 'x87 floating point registers'
[    0.000000] x86/fpu: Supporting XSAVE feature 0x02: 'SSE registers'
[    0.000000] x86/fpu: Supporting XSAVE feature 0x04: 'AVX registers'
[    0.000000] x86/fpu: Enabled xstate features 0x7, context size is 832 bytes, using 'standard' format.
[    0.000000] e820: BIOS-provided physical RAM map:
[    0.000000] BIOS-e820: [mem 0x0000000000000000-0x000000000009fbff] usable
[    0.000000] BIOS-e820: [mem 0x000000000009fc00-0x000000000009ffff] reserved
[    0.000000] BIOS-e820: [mem 0x00000000000f0000-0x00000000000fffff] reserved
[    0.000000] BIOS-e820: [mem 0x0000000000100000-0x000000003ffeffff] usable
[    0.000000] BIOS-e820: [mem 0x000000003fff0000-0x000000003fffffff] ACPI data
[    0.000000] BIOS-e820: [mem 0x00000000fec00000-0x00000000fec00fff] reserved
[    0.000000] BIOS-e820: [mem 0x00000000fee00000-0x00000000fee00fff] reserved
[    0.000000] BIOS-e820: [mem 0x00000000fffc0000-0x00000000ffffffff] reserved
[    0.000000] NX (Execute Disable) protection: active
[    0.000000] SMBIOS 2.5 present.
[    0.000000] Hypervisor detected: KVM
[    0.000000] e820: last_pfn = 0x3fff0 max_arch_pfn = 0x400000000
[    0.000000] MTRR: Disabled
[    0.000000] x86/PAT: MTRRs disabled, skipping PAT initialization too.
[    0.000000] CPU MTRRs all blank - virtualized system.
[    0.000000] x86/PAT: Configuration [0-7]: WB  WT  UC- UC  WB  WT  UC- UC  
[    0.000000] found SMP MP-table at [mem 0x0009fff0-0x0009ffff] mapped at [ffff88000009fff0]
[    0.000000] Scanning 1 areas for low memory corruption
[    0.000000] RAMDISK: [mem 0x362dc000-0x37165fff]
[    0.000000] ACPI: Early table checksum verification disabled
[    0.000000] ACPI: RSDP 0x00000000000E0000 000024 (v02 VBOX  )
[    0.000000] ACPI: XSDT 0x000000003FFF0030 00003C (v01 VBOX   VBOXXSDT 00000001 ASL  00000061)
[    0.000000] ACPI: FACP 0x000000003FFF00F0 0000F4 (v04 VBOX   VBOXFACP 00000001 ASL  00000061)
[    0.000000] ACPI: DSDT 0x000000003FFF0470 002325 (v02 VBOX   VBOXBIOS 00000002 INTL 20100528)
[    0.000000] ACPI: FACS 0x000000003FFF0200 000040
[    0.000000] ACPI: FACS 0x000000003FFF0200 000040
[    0.000000] ACPI: APIC 0x000000003FFF0240 00005C (v02 VBOX   VBOXAPIC 00000001 ASL  00000061)
[    0.000000] ACPI: SSDT 0x000000003FFF02A0 0001CC (v01 VBOX   VBOXCPUT 00000002 INTL 20100528)
[    0.000000] No NUMA configuration found
[    0.000000] Faking a node at [mem 0x0000000000000000-0x000000003ffeffff]
[    0.000000] NODE_DATA(0) allocated [mem 0x3ffeb000-0x3ffeffff]
[    0.000000] kvm-clock: Using msrs 4b564d01 and 4b564d00
[    0.000000] kvm-clock: cpu 0, msr 0:3ffe3001, primary cpu clock
[    0.000000] kvm-clock: using sched offset of 3543802538 cycles
[    0.000000] clocksource: kvm-clock: mask: 0xffffffffffffffff max_cycles: 0x1cd42e4dffb, max_idle_ns: 881590591483 ns
[    0.000000] Zone ranges:
[    0.000000]   DMA      [mem 0x0000000000001000-0x0000000000ffffff]
[    0.000000]   DMA32    [mem 0x0000000001000000-0x000000003ffeffff]
[    0.000000]   Normal   empty
[    0.000000]   Device   empty
[    0.000000] Movable zone start for each node
[    0.000000] Early memory node ranges
[    0.000000]   node   0: [mem 0x0000000000001000-0x000000000009efff]
[    0.000000]   node   0: [mem 0x0000000000100000-0x000000003ffeffff]
[    0.000000] Initmem setup node 0 [mem 0x0000000000001000-0x000000003ffeffff]
[    0.000000] ACPI: PM-Timer IO Port: 0x4008
[    0.000000] IOAPIC[0]: apic_id 2, version 32, address 0xfec00000, GSI 0-23
[    0.000000] ACPI: INT_SRC_OVR (bus 0 bus_irq 0 global_irq 2 dfl dfl)
[    0.000000] ACPI: INT_SRC_OVR (bus 0 bus_irq 9 global_irq 9 low level)
[    0.000000] Using ACPI (MADT) for SMP configuration information
[    0.000000] smpboot: Allowing 2 CPUs, 0 hotplug CPUs
[    0.000000] PM: Registered nosave memory: [mem 0x00000000-0x00000fff]
[    0.000000] PM: Registered nosave memory: [mem 0x0009f000-0x0009ffff]
[    0.000000] PM: Registered nosave memory: [mem 0x000a0000-0x000effff]
[    0.000000] PM: Registered nosave memory: [mem 0x000f0000-0x000fffff]
[    0.000000] e820: [mem 0x40000000-0xfebfffff] available for PCI devices
[    0.000000] Booting paravirtualized kernel on KVM
[    0.000000] clocksource: refined-jiffies: mask: 0xffffffff max_cycles: 0xffffffff, max_idle_ns: 7645519600211568 ns
[    0.000000] setup_percpu: NR_CPUS:512 nr_cpumask_bits:512 nr_cpu_ids:2 nr_node_ids:1
[    0.000000] PERCPU: Embedded 33 pages/cpu @ffff88003fc00000 s95192 r8192 d31784 u1048576
[    0.000000] Built 1 zonelists in Node order, mobility grouping on.  Total pages: 257912
[    0.000000] Policy zone: DMA32
[    0.000000] Kernel command line: BOOT_IMAGE=/boot/vmlinuz-4.4.0-210-generic root=LABEL=cloudimg-rootfs ro console=tty1 console=ttyS0
[    0.000000] PID hash table entries: 4096 (order: 3, 32768 bytes)
[    0.000000] Memory: 997792K/1048120K available (8644K kernel code, 1332K rwdata, 4044K rodata, 1492K init, 1164K bss, 50328K reserved, 0K cma-reserved)
[    0.000000] SLUB: HWalign=64, Order=0-3, MinObjects=0, CPUs=2, Nodes=1
[    0.000000] Kernel/User page tables isolation: enabled
[    0.000000] Hierarchical RCU implementation.
[    0.000000] 	Build-time adjustment of leaf fanout to 64.
[    0.000000] 	RCU restricting CPUs from NR_CPUS=512 to nr_cpu_ids=2.
[    0.000000] RCU: Adjusting geometry for rcu_fanout_leaf=64, nr_cpu_ids=2
[    0.000000] NR_IRQS:33024 nr_irqs:440 16
[    0.000000] Console: colour VGA+ 80x25
[    0.000000] console [tty1] enabled
[    0.000000] console [ttyS0] enabled
[    0.000000] tsc: Detected 2496.000 MHz processor
[    0.208657] Calibrating delay loop (skipped) preset value.. 4992.00 BogoMIPS (lpj=9984000)
[    0.217395] pid_max: default: 32768 minimum: 301
[    0.218774] ACPI: Core revision 20150930
[    0.221910] ACPI: 2 ACPI AML tables successfully acquired and loaded
[    0.223928] Security Framework initialized
[    0.225140] Yama: becoming mindful.
[    0.226268] AppArmor: AppArmor initialized
[    0.227655] Dentry cache hash table entries: 131072 (order: 8, 1048576 bytes)
[    0.233156] Inode-cache hash table entries: 65536 (order: 7, 524288 bytes)
[    0.235059] Mount-cache hash table entries: 2048 (order: 2, 16384 bytes)
[    0.236990] Mountpoint-cache hash table entries: 2048 (order: 2, 16384 bytes)
[    0.239026] Initializing cgroup subsys io
[    0.240355] Initializing cgroup subsys memory
[    0.241609] Initializing cgroup subsys devices
[    0.242906] Initializing cgroup subsys freezer
[    0.244272] Initializing cgroup subsys net_cls
[    0.245582] Initializing cgroup subsys perf_event
[    0.246901] Initializing cgroup subsys net_prio
[    0.248436] Initializing cgroup subsys hugetlb
[    0.249759] Initializing cgroup subsys pids
[    0.252330] mce: CPU supports 0 MCE banks
[    0.253582] Last level iTLB entries: 4KB 128, 2MB 8, 4MB 8
[    0.255113] Last level dTLB entries: 4KB 64, 2MB 0, 4MB 0, 1GB 4
[    0.256907] Spectre V1 : Mitigation: usercopy/swapgs barriers and __user pointer sanitization
[    0.259352] Spectre V2 : Mitigation: Full generic retpoline
[    0.261024] Spectre V2 : Spectre v2 / SpectreRSB mitigation: Filling RSB on context switch
[    0.263342] Speculative Store Bypass: Vulnerable
[    0.264753] SRBDS: Unknown: Dependent on hypervisor status
[    0.266333] MDS: Mitigation: Clear CPU buffers
[    0.270873] Freeing SMP alternatives memory: 36K
[    0.279599] ftrace: allocating 32380 entries in 127 pages
[    0.358197] smpboot: APIC(0) Converting physical 0 to logical package 0
[    0.360020] smpboot: Max logical packages: 1
[    0.361700] x2apic enabled
[    0.362917] Switched APIC routing to physical x2apic.
[    0.365950] ..TIMER: vector=0x30 apic1=0 pin1=2 apic2=-1 pin2=-1
[    0.475639] smpboot: CPU0: Intel(R) Core(TM) i5-7300HQ CPU @ 2.50GHz (family: 0x6, model: 0x9e, stepping: 0x9)
[    0.478739] Performance Events: unsupported p6 CPU model 158 no PMU driver, software events only.
[    0.493450] KVM setup paravirtual spinlock
[    0.495373] x86: Booting SMP configuration:
[    0.496633] .... node  #0, CPUs:      #1
[    0.497982] kvm-clock: cpu 1, msr 0:3ffe3041, secondary cpu clock
[    0.500387] mce: CPU supports 0 MCE banks
[    0.503093] x86: Booted up 1 node, 2 CPUs
[    0.504727] smpboot: Total of 2 processors activated (9984.00 BogoMIPS)
[    0.507001] devtmpfs: initialized
[    0.510356] evm: security.selinux
[    0.511394] evm: security.SMACK64
[    0.512620] evm: security.SMACK64EXEC
[    0.513816] evm: security.SMACK64TRANSMUTE
[    0.514997] evm: security.SMACK64MMAP
[    0.516419] evm: security.ima
[    0.517456] evm: security.capability
[    0.519269] clocksource: jiffies: mask: 0xffffffff max_cycles: 0xffffffff, max_idle_ns: 7645041785100000 ns
[    0.522170] futex hash table entries: 512 (order: 3, 32768 bytes)
[    0.524272] pinctrl core: initialized pinctrl subsystem
[    0.525973] RTC time: 23:48:25, date: 06/24/22
[    0.527591] NET: Registered protocol family 16
[    0.540781] cpuidle: using governor ladder
[    0.552515] cpuidle: using governor menu
[    0.553725] PCCT header not found.
[    0.554856] ACPI: bus type PCI registered
[    0.556185] acpiphp: ACPI Hot Plug PCI Controller Driver version: 0.5
[    0.558025] PCI: Using configuration type 1 for base access
[    0.574732] ACPI: Added _OSI(Module Device)
[    0.576173] ACPI: Added _OSI(Processor Device)
[    0.577404] ACPI: Added _OSI(3.0 _SCP Extensions)
[    0.578832] ACPI: Added _OSI(Processor Aggregator Device)
[    0.581196] ACPI: Executed 1 blocks of module-level executable AML code
[    0.585850] ACPI: Interpreter enabled
[    0.587029] ACPI: (supports S0 S5)
[    0.588229] ACPI: Using IOAPIC for interrupt routing
[    0.589754] PCI: Using host bridge windows from ACPI; if necessary, use "pci=nocrs" and report a bug
[    0.596784] ACPI: PCI Root Bridge [PCI0] (domain 0000 [bus 00-ff])
[    0.598382] acpi PNP0A03:00: _OSC: OS supports [ASPM ClockPM Segments MSI]
[    0.601822] acpi PNP0A03:00: _OSC: not requesting OS control; OS requires [ExtendedConfig ASPM ClockPM MSI]
[    0.604545] acpi PNP0A03:00: fail to add MMCONFIG information, can't access extended PCI configuration space under this bridge.
[    0.607921] PCI host bridge to bus 0000:00
[    0.609126] pci_bus 0000:00: root bus resource [io  0x0000-0x0cf7 window]
[    0.610935] pci_bus 0000:00: root bus resource [io  0x0d00-0xffff window]
[    0.612756] pci_bus 0000:00: root bus resource [mem 0x000a0000-0x000bffff window]
[    0.614867] pci_bus 0000:00: root bus resource [mem 0x40000000-0xfdffffff window]
[    0.617132] pci_bus 0000:00: root bus resource [bus 00-ff]
[    0.620703] pci 0000:00:01.1: legacy IDE quirk: reg 0x10: [io  0x01f0-0x01f7]
[    0.622494] pci 0000:00:01.1: legacy IDE quirk: reg 0x14: [io  0x03f6]
[    0.624269] pci 0000:00:01.1: legacy IDE quirk: reg 0x18: [io  0x0170-0x0177]
[    0.639805] pci 0000:00:01.1: legacy IDE quirk: reg 0x1c: [io  0x0376]
[    0.656284] pci 0000:00:07.0: quirk: [io  0x4000-0x403f] claimed by PIIX4 ACPI
[    0.658385] pci 0000:00:07.0: quirk: [io  0x4100-0x410f] claimed by PIIX4 SMB
[    0.665458] ACPI: PCI Interrupt Link [LNKA] (IRQs 5 9 10 *11)
[    0.667973] ACPI: PCI Interrupt Link [LNKB] (IRQs 5 9 *10 11)
[    0.670162] ACPI: PCI Interrupt Link [LNKC] (IRQs 5 *9 10 11)
[    0.672694] ACPI: PCI Interrupt Link [LNKD] (IRQs 5 9 10 *11)
[    0.674978] ACPI: Enabled 2 GPEs in block 00 to 07
[    0.677054] vgaarb: setting as boot device: PCI:0000:00:02.0
[    0.678546] vgaarb: device added: PCI:0000:00:02.0,decodes=io+mem,owns=io+mem,locks=none
[    0.680839] vgaarb: loaded
[    0.681717] vgaarb: bridge control possible 0000:00:02.0
[    0.683510] SCSI subsystem initialized
[    0.684906] ACPI: bus type USB registered
[    0.686129] usbcore: registered new interface driver usbfs
[    0.687600] usbcore: registered new interface driver hub
[    0.689226] usbcore: registered new device driver usb
[    0.694228] PCI: Using ACPI for IRQ routing
[    0.695882] NetLabel: Initializing
[    0.696946] NetLabel:  domain hash size = 128
[    0.698233] NetLabel:  protocols = UNLABELED CIPSOv4
[    0.699776] NetLabel:  unlabeled traffic allowed by default
[    0.701512] amd_nb: Cannot enumerate AMD northbridges
[    0.702985] clocksource: Switched to clocksource kvm-clock
[    0.716705] AppArmor: AppArmor Filesystem Enabled
[    0.718202] pnp: PnP ACPI init
[    0.720419] pnp: PnP ACPI: found 3 devices
[    0.731671] clocksource: acpi_pm: mask: 0xffffff max_cycles: 0xffffff, max_idle_ns: 2085701024 ns
[    0.734216] NET: Registered protocol family 2
[    0.735586] TCP established hash table entries: 8192 (order: 4, 65536 bytes)
[    0.737477] TCP bind hash table entries: 8192 (order: 5, 131072 bytes)
[    0.739238] TCP: Hash tables configured (established 8192 bind 8192)
[    0.743918] UDP hash table entries: 512 (order: 2, 16384 bytes)
[    0.745551] UDP-Lite hash table entries: 512 (order: 2, 16384 bytes)
[    0.747211] NET: Registered protocol family 1
[    0.748600] pci 0000:00:00.0: Limiting direct PCI/PCI transfers
[    0.750212] pci 0000:00:01.0: Activating ISA DMA hang workarounds
[    0.752040] Unpacking initramfs...
[    1.038815] Freeing initrd memory: 14888K
[    1.040262] clocksource: tsc: mask: 0xffffffffffffffff max_cycles: 0x23fa772cf26, max_idle_ns: 440795269835 ns
[    1.042981] platform rtc_cmos: registered platform RTC device (no PNP device found)
[    1.045340] Scanning for low memory corruption every 60 seconds
[    1.047301] audit: initializing netlink subsys (disabled)
[    1.048788] audit: type=2000 audit(1656114510.736:1): initialized
[    1.050683] Initialise system trusted keyring
[    1.052353] HugeTLB registered 2 MB page size, pre-allocated 0 pages
[    1.055474] zbud: loaded
[    1.056842] VFS: Disk quotas dquot_6.6.0
[    1.058061] VFS: Dquot-cache hash table entries: 512 (order 0, 4096 bytes)
[    1.060296] squashfs: version 4.0 (2009/01/31) Phillip Lougher
[    1.062220] fuse init (API version 7.23)
[    1.063704] Key type big_key registered
[    1.064862] Allocating IMA MOK and blacklist keyrings.
[    1.067247] Key type asymmetric registered
[    1.068652] Asymmetric key parser 'x509' registered
[    1.070115] Block layer SCSI generic (bsg) driver version 0.4 loaded (major 249)
[    1.072660] io scheduler noop registered
[    1.073873] io scheduler deadline registered (default)
[    1.075502] io scheduler cfq registered
[    1.076692] pci_hotplug: PCI Hot Plug PCI Core version: 0.5
[    1.078103] pciehp: PCI Express Hot Plug Controller Driver version: 0.4
[    1.079901] ACPI: AC Adapter [AC] (off-line)
[    1.081203] input: Power Button as /devices/LNXSYSTM:00/LNXPWRBN:00/input/input0
[    1.083399] ACPI: Power Button [PWRF]
[    1.084540] input: Sleep Button as /devices/LNXSYSTM:00/LNXSLPBN:00/input/input1
[    1.086699] ACPI: Sleep Button [SLPF]
[    1.088047] GHES: HEST is not enabled!
[    1.088805] ACPI: Battery Slot [BAT0] (battery present)
[    1.090892] Serial: 8250/16550 driver, 32 ports, IRQ sharing enabled
[    1.113558] 00:02: ttyS0 at I/O 0x3f8 (irq = 4, base_baud = 115200) is a 16550A
[    1.118814] Linux agpgart interface v0.103
[    1.121761] loop: module loaded
[    1.123441] scsi host0: ata_piix
[    1.124562] scsi host1: ata_piix
[    1.125653] ata1: PATA max UDMA/33 cmd 0x1f0 ctl 0x3f6 bmdma 0xd000 irq 14
[    1.127478] ata2: PATA max UDMA/33 cmd 0x170 ctl 0x376 bmdma 0xd008 irq 15
[    1.129394] libphy: Fixed MDIO Bus: probed
[    1.130651] tun: Universal TUN/TAP device driver, 1.6
[    1.132124] tun: (C) 1999-2004 Max Krasnyansky <maxk@qualcomm.com>
[    1.133885] PPP generic driver version 2.4.2
[    1.135333] ehci_hcd: USB 2.0 'Enhanced' Host Controller (EHCI) Driver
[    1.137108] ehci-pci: EHCI PCI platform driver
[    1.138433] ehci-platform: EHCI generic platform driver
[    1.140038] ohci_hcd: USB 1.1 'Open' Host Controller (OHCI) Driver
[    1.141713] ohci-pci: OHCI PCI platform driver
[    1.143051] ohci-platform: OHCI generic platform driver
[    1.144612] uhci_hcd: USB Universal Host Controller Interface driver
[    1.149627] i8042: PNP: PS/2 Controller [PNP0303:PS2K,PNP0f03:PS2M] at 0x60,0x64 irq 1,12
[    1.152897] serio: i8042 KBD port at 0x60,0x64 irq 1
[    1.154255] serio: i8042 AUX port at 0x60,0x64 irq 12
[    1.156109] mousedev: PS/2 mouse device common for all mice
[    1.158213] input: AT Translated Set 2 keyboard as /devices/platform/i8042/serio0/input/input2
[    1.161256] rtc_cmos rtc_cmos: rtc core: registered rtc_cmos as rtc0
[    1.162995] rtc_cmos rtc_cmos: alarms up to one day, 114 bytes nvram
[    1.164745] i2c /dev entries driver
[    1.169926] device-mapper: uevent: version 1.0.3
[    1.171393] device-mapper: ioctl: 4.34.0-ioctl (2015-10-28) initialised: dm-devel@redhat.com
[    1.173701] ledtrig-cpu: registered to indicate activity on CPUs
[    1.175705] NET: Registered protocol family 10
[    1.177230] NET: Registered protocol family 17
[    1.178505] Key type dns_resolver registered
[    1.180677] registered taskstats version 1
[    1.181943] Loading compiled-in X.509 certificates
[    1.183939] Loaded X.509 cert 'Build time autogenerated kernel key: cf00e047681d67edb2720680708b7d9498083038'
[    1.186489] zswap: loaded using pool lzo/zbud
[    1.190529] Key type trusted registered
[    1.196128] Key type encrypted registered
[    1.197666] AppArmor: AppArmor sha1 policy hashing enabled
[    1.199115] ima: No TPM chip found, activating TPM-bypass!
[    1.200677] ima: Allocated hash algorithm: sha1
[    1.202311] evm: HMAC attrs: 0x1
[    1.203745]   Magic number: 10:34:859
[    1.205021] rtc_cmos rtc_cmos: setting system clock to 2022-06-24 23:48:25 UTC (1656114505)
[    1.207914] BIOS EDD facility v0.16 2004-Jun-25, 0 devices found
[    1.209798] EDD information not available.
[    1.332592] Freeing unused kernel memory: 1492K
[    1.334078] Write protecting the kernel read-only data: 14336k
[    1.336508] Freeing unused kernel memory: 1584K
[    1.338199] Freeing unused kernel memory: 52K
Loading, please wait...
starting version 229
[    1.356948] random: systemd-udevd: uninitialized urandom read (16 bytes read, 3 bits of entropy available)
[    1.357851] random: udevadm: uninitialized urandom read (16 bytes read, 3 bits of entropy available)
[    1.357873] random: udevadm: uninitialized urandom read (16 bytes read, 3 bits of entropy available)
[    1.365377] random: systemd-udevd: uninitialized urandom read (16 bytes read, 3 bits of entropy available)
[    1.368045] random: udevadm: uninitialized urandom read (16 bytes read, 3 bits of entropy available)
[    1.368174] random: udevadm: uninitialized urandom read (16 bytes read, 3 bits of entropy available)
[    1.368360] random: udevadm: uninitialized urandom read (16 bytes read, 3 bits of entropy available)
[    1.368416] random: udevadm: uninitialized urandom read (16 bytes read, 3 bits of entropy available)
[    1.368467] random: udevadm: uninitialized urandom read (16 bytes read, 3 bits of entropy available)
[    1.368521] random: udevadm: uninitialized urandom read (16 bytes read, 3 bits of entropy available)
[    1.415197] Fusion MPT base driver 3.04.20
[    1.416414] Copyright (c) 1999-2008 LSI Corporation
[    1.418079] e1000: Intel(R) PRO/1000 Network Driver - version 7.3.21-k8-NAPI
[    1.420036] e1000: Copyright (c) 1999-2006 Intel Corporation.
[    1.429924] Fusion MPT SPI Host driver 3.04.20
[    1.444996] AVX2 version of gcm_enc/dec engaged.
[    1.446547] AES CTR mode by8 optimization enabled
[    1.647095] input: ImExPS/2 Generic Explorer Mouse as /devices/platform/i8042/serio1/input/input4
[    2.053908] e1000 0000:00:03.0 eth0: (PCI:33MHz:32-bit) 02:be:82:6b:cc:1d
[    2.055817] e1000 0000:00:03.0 eth0: Intel(R) PRO/1000 Network Connection
[    2.058909] mptbase: ioc0: Initiating bringup
[    2.059455] e1000 0000:00:03.0 enp0s3: renamed from eth0
[    2.123601] ioc0: LSI53C1030 A0: Capabilities={Initiator}
[    2.290683] scsi host2: ioc0: LSI53C1030 A0, FwRev=00000000h, Ports=1, MaxQ=256, IRQ=20
[    2.412532] scsi 2:0:0:0: Direct-Access     VBOX     HARDDISK         1.0  PQ: 0 ANSI: 5
[    2.421754] scsi target2:0:0: Beginning Domain Validation
[    2.432606] scsi target2:0:0: Domain Validation skipping write tests
[    2.438372] scsi target2:0:0: Ending Domain Validation
[    2.443605] scsi target2:0:0: asynchronous
[    2.448255] scsi 2:0:1:0: Direct-Access     VBOX     HARDDISK         1.0  PQ: 0 ANSI: 5
[    2.450532] scsi target2:0:1: Beginning Domain Validation
[    2.454366] scsi target2:0:1: Domain Validation skipping write tests
[    2.456182] scsi target2:0:1: Ending Domain Validation
[    2.472108] scsi target2:0:1: asynchronous
[    2.482325] sd 2:0:0:0: Attached scsi generic sg0 type 0
[    2.483867] sd 2:0:0:0: [sda] 83886080 512-byte logical blocks: (42.9 GB/40.0 GiB)
[    2.486883] sd 2:0:1:0: Attached scsi generic sg1 type 0
[    2.488556] sd 2:0:1:0: [sdb] 20480 512-byte logical blocks: (10.5 MB/10.0 MiB)
[    2.490701] sd 2:0:0:0: [sda] Write Protect is off
[    2.492676] sd 2:0:1:0: [sdb] Write Protect is off
[    2.493985] sd 2:0:0:0: [sda] Incomplete mode parameter data
[    2.495913] sd 2:0:0:0: [sda] Assuming drive cache: write through
[    2.497894] sd 2:0:1:0: [sdb] Incomplete mode parameter data
[    2.499555] sd 2:0:1:0: [sdb] Assuming drive cache: write through
[    2.503949]  sda: sda1
[    2.506992] sd 2:0:0:0: [sda] Attached SCSI disk
[    2.508314] sd 2:0:1:0: [sdb] Attached SCSI disk
Begin: Loading essential drivers ... [    4.004993] md: linear personality registered for level -1
[    4.008967] md: multipath personality registered for level -4
[    4.012854] md: raid0 personality registered for level 0
[    4.017831] md: raid1 personality registered for level 1
[    4.091029] raid6: sse2x1   gen() 11473 MB/s
[    4.159249] raid6: sse2x1   xor()  8112 MB/s
[    4.227156] raid6: sse2x2   gen() 10304 MB/s
[    4.295110] raid6: sse2x2   xor()  8493 MB/s
[    4.363050] raid6: sse2x4   gen() 13639 MB/s
[    4.431065] raid6: sse2x4   xor()  9630 MB/s
[    4.499052] raid6: avx2x1   gen() 21225 MB/s
[    4.567010] raid6: avx2x2   gen() 24237 MB/s
[    4.635055] raid6: avx2x4   gen() 27076 MB/s
[    4.636357] raid6: using algorithm avx2x4 gen() 27076 MB/s
[    4.637981] raid6: using avx2x2 recovery algorithm
[    4.640466] xor: automatically using best checksumming function:
[    4.679101]    avx       : 22584.000 MB/sec
[    4.681510] async_tx: api initialized (async)
[    4.692682] md: raid6 personality registered for level 6
[    4.694321] md: raid5 personality registered for level 5
[    4.695887] md: raid4 personality registered for level 4
[    4.704134] md: raid10 personality registered for level 10
done.
Begin: Running /scripts/init-premount ... done.
Begin: Mounting root file system ... Begin: Running /scripts/local-top ... done.
Begin: Running /scripts/local-premount ... [    4.740374] Btrfs loaded
Scanning for Btrfs filesystems
done.
Warning: fsck not present, so skipping root file system
[    4.774068] EXT4-fs (sda1): mounted filesystem with ordered data mode. Opts: (null)
done.
Begin: Running /scripts/local-bottom ... done.
Begin: Running /scripts/init-bottom ... done.
[    4.878356] systemd[1]: systemd 229 running in system mode. (+PAM +AUDIT +SELINUX +IMA +APPARMOR +SMACK +SYSVINIT +UTMP +LIBCRYPTSETUP +GCRYPT +GNUTLS +ACL +XZ -LZ4 +SECCOMP +BLKID +ELFUTILS +KMOD -IDN)
[    4.883115] systemd[1]: Detected virtualization oracle.
[    4.884553] systemd[1]: Detected architecture x86-64.

Welcome to [1mUbuntu 16.04.7 LTS[0m!

[    4.889256] systemd[1]: Set hostname to <ubuntu>.
[    4.893451] systemd[1]: Initializing machine ID from random generator.
[    4.895184] systemd[1]: Installed transient /etc/machine-id file.
[    5.028910] systemd[1]: Listening on udev Kernel Socket.
[[0;32m  OK  [0m] Listening on udev Kernel Socket.
[    5.031670] systemd[1]: Set up automount Arbitrary Executable File Formats File System Automount Point.
[[0;32m  OK  [0m] Set up automount Arbitrary Executab...ats File System Automount Point.
[    5.035612] systemd[1]: Reached target Swap.
[[0;32m  OK  [0m] Reached target Swap.
[    5.037780] systemd[1]: Listening on Journal Socket.
[[0;32m  OK  [0m] Listening on Journal Socket.
[    5.040314] systemd[1]: Started Forward Password Requests to Wall Directory Watch.
[[0;32m  OK  [0m] Started Forward Password Requests to Wall Directory Watch.
[    5.043808] systemd[1]: Started Trigger resolvconf update for networkd DNS.
[[0;32m  OK  [0m] Started Trigger resolvconf update for networkd DNS.
[    5.046891] systemd[1]: Listening on Journal Audit Socket.
[[0;32m  OK  [0m] Listening on Journal Audit Socket.
[    5.049497] systemd[1]: Listening on LVM2 poll daemon socket.
[[0;32m  OK  [0m] Listening on LVM2 poll daemon socket.
[    5.052120] systemd[1]: Listening on udev Control Socket.
[[0;32m  OK  [0m] Listening on udev Control Socket.
[    5.054439] systemd[1]: Reached target System Time Synchronized.
[[0;32m  OK  [0m] Reached target System Time Synchronized.
[    5.057263] systemd[1]: Listening on Journal Socket (/dev/log).
[[0;32m  OK  [0m] Listening on Journal Socket (/dev/log).
[    5.059898] systemd[1]: Reached target User and Group Name Lookups.
[[0;32m  OK  [0m] Reached target User and Group Name Lookups.
[    5.062628] systemd[1]: Listening on LVM2 metadata daemon socket.
[[0;32m  OK  [0m] Listening on LVM2 metadata daemon socket.
[    5.065719] systemd[1]: Created slice System Slice.
[[0;32m  OK  [0m] Created slice System Slice.
[    5.083744] systemd[1]: Starting Create list of required static device nodes for the current kernel...
         Starting Create list of required st... nodes for the current kernel...
[    5.089266] systemd[1]: Starting Nameserver information manager...
         Starting Nameserver information manager...
[    5.100068] systemd[1]: Mounting Huge Pages File System...
         Mounting Huge Pages File System...
[    5.104260] systemd[1]: Mounting POSIX Message Queue File System...
         Mounting POSIX Message Queue File System...
[    5.107854] systemd[1]: Starting Uncomplicated firewall...
         Starting Uncomplicated firewall...
[    5.111476] systemd[1]: Mounting Debug File System...
         Mounting Debug File System...
[    5.114568] systemd[1]: Starting Set console keymap...
         Starting Set console keymap...
[    5.117099] systemd[1]: Listening on Syslog Socket.
[[0;32m  OK  [0m] Listening on Syslog Socket.
[    5.120821] systemd[1]: Starting Journal Service...
         Starting Journal Service...
[    5.123855] systemd[1]: Created slice User and Session Slice.
[[0;32m  OK  [0m] Created slice User and Session Slice.
[    5.126917] systemd[1]: Listening on fsck to fsckd communication Socket.
[[0;32m  OK  [0m] Listening on fsck to fsckd communication Socket.
[    5.143235] systemd[1]: Starting File System Check on Root Device...
         Starting File System Check on Root Device...
[    5.147684] systemd[1]: Listening on /dev/initctl Compatibility Named Pipe.
[[0;32m  OK  [0m] Listening on /dev/initctl Compatibility Named Pipe.
[    5.150873] systemd[1]: Reached target Slices.
[[0;32m  OK  [0m] Reached target Slices.
[    5.157015] systemd[1]: Starting Load Kernel Modules...
         Starting Load Kernel Modules...
[    5.166907] Loading iSCSI transport class v2.0-870.
[    5.171592] systemd[1]: Created slice system-serial\x2dgetty.slice.
[[0;32m  OK  [0m] Created slice system-serial\x2dgetty.slice.
[    5.174733] systemd[1]: Listening on Device-mapper event daemon FIFOs.
[[0;32m  OK  [0m] Listening on Device-mapper event daemon FIFOs.
[    5.184343] iscsi: registered transport (tcp)
[    5.207208] systemd[1]: Starting Monitoring of LVM2 mirrors, snapshots etc. using dmeventd or progress polling...
         [    5.213530] iscsi: registered transport (iser)
Starting Monitoring of LVM2 mirrors... dmeventd or progress polling...
[    5.230487] systemd[1]: Reached target Encrypted Volumes.
[[0;32m  OK  [0m] Reached target Encrypted Volumes.
[    5.236156] systemd[1]: Mounted Huge Pages File System.
[[0;32m  OK  [0m] Mounted Huge Pages File System.
[    5.238384] systemd[1]: Mounted POSIX Message Queue File System.
[[0;32m  OK  [0m] Mounted POSIX Message Queue File System.
[    5.241024] systemd[1]: Mounted Debug File System.
[[0;32m  OK  [0m] Mounted Debug File System.
[    5.243336] systemd[1]: Started Journal Service.
[[0;32m  OK  [0m] Started Journal Service.
[[0;32m  OK  [0m] Started Create list of required sta...ce nodes for the current kernel.
[[0;32m  OK  [0m] Started Uncomplicated firewall.
[[0;32m  OK  [0m] Started Set console keymap.
[[0;32m  OK  [0m] Started File System Check on Root Device.
[[0;32m  OK  [0m] Started Load Kernel Modules.
[[0;32m  OK  [0m] Started Nameserver information manager.
[[0;32m  OK  [0m] Started LVM2 metadata daemon.
[[0;32m  OK  [0m] Started File System Check Daemon to report status.
         Starting Apply Kernel Variables...
         Mounting FUSE Control File System...
         Starting Remount Root and Kernel File Systems...
         Starting Create Static Device Nodes in /dev...
[[0;32m  OK  [0m] Mounted FUSE Control File System.
[    5.312946] EXT4-fs (sda1): re-mounted. Opts: (null)
[[0;32m  OK  [0m] Started Remount Root and Kernel File Systems.
[[0;32m  OK  [0m] Started Apply Kernel Variables.
         Starting udev Coldplug all Devices...
         Starting Load/Save Random Seed...
         Starting Flush Journal to Persistent Storage...
[[0;32m  OK  [0m] Started Load/Save Random Seed.
[[0;32m  OK  [0m] Started Flush Journal to Persistent Storage.
[[0;32m  OK  [0m] Started Create Static Device Nodes in /dev.
         Starting udev Kernel Device Manager...
[[0;32m  OK  [0m] Started udev Coldplug all Devices.
[[0;32m  OK  [0m] Started udev Kernel Device Manager.
[[0;32m  OK  [0m] Started Dispatch Password Requests to Console Directory Watch.
[[0;32m  OK  [0m] Found device /dev/ttyS0.
[[0;32m  OK  [0m] Listening on Load/Save RF Kill Switch Status /dev/rfkill Watch.
[[0;32m  OK  [0m] Started Monitoring of LVM2 mirrors,...ng dmeventd or progress polling.
[[0;32m  OK  [0m] Reached target Local File Systems (Pre).
[[0;32m  OK  [0m] Reached target Local File Systems.
         Starting Commit a transient machine-id on disk...
         Starting Initial cloud-init job (pre-networking)...
         Starting Tell Plymouth To Write Out Runtime Data...
         Starting LSB: AppArmor initialization...
         Starting Set console font and keymap...
         Starting Create Volatile Files and Directories...
[[0;32m  OK  [0m] Started Commit a transient machine-id on disk.
[[0;32m  OK  [0m] Started Tell Plymouth To Write Out Runtime Data.
[[0;32m  OK  [0m] Started Create Volatile Files and Directories.
         Starting Update UTMP about System Boot/Shutdown...
[[0;32m  OK  [0m] Started Update UTMP about System Boot/Shutdown.
[    7.057473] cloud-init[599]: Cloud-init v. 21.1-19-gbad84ad4-0ubuntu1~16.04.2 running 'init-local' at Fri, 24 Jun 2022 23:48:31 +0000. Up 6.57 seconds.
[[0;32m  OK  [0m] Started Set console font and keymap.
[[0;32m  OK  [0m] Created slice system-getty.slice.
[[0;32m  OK  [0m] Started Initial cloud-init job (pre-networking).
[[0;32m  OK  [0m] Reached target Network (Pre).
[[0;32m  OK  [0m] Started LSB: AppArmor initialization.
         Starting Raise network interfaces...
         Starting Load AppArmor profiles managed internally by snapd...
[[0;32m  OK  [0m] Started Load AppArmor profiles managed internally by snapd.
[[0;32m  OK  [0m] Started Raise network interfaces.
[[0;32m  OK  [0m] Reached target Network.
         Starting Initial cloud-init job (metadata service crawler)...
[    9.515781] cloud-init[945]: Cloud-init v. 21.1-19-gbad84ad4-0ubuntu1~16.04.2 running 'init' at Fri, 24 Jun 2022 23:48:33 +0000. Up 8.68 seconds.
[    9.517968] cloud-init[945]: ci-info: ++++++++++++++++++++++++++++++++++++++Net device info++++++++++++++++++++++++++++++++++++++
[    9.519822] cloud-init[945]: ci-info: +--------+------+----------------------------+---------------+--------+-------------------+
[    9.521866] cloud-init[945]: ci-info: | Device |  Up  |          Address           |      Mask     | Scope  |     Hw-Address    |
[    9.523732] cloud-init[945]: ci-info: +--------+------+----------------------------+---------------+--------+-------------------+
[    9.525639] cloud-init[945]: ci-info: | enp0s3 | True |         10.0.2.15          | 255.255.255.0 | global | 02:be:82:6b:cc:1d |
[    9.527667] cloud-init[945]: ci-info: | enp0s3 | True | fe80::be:82ff:fe6b:cc1d/64 |       .       |  link  | 02:be:82:6b:cc:1d |
[    9.529582] cloud-init[945]: ci-info: |   lo   | True |         127.0.0.1          |   255.0.0.0   |  host  |         .         |
[    9.531675] cloud-init[945]: ci-info: |   lo   | True |          ::1/128           |       .       |  host  |         .         |
[    9.533724] cloud-init[945]: ci-info: +--------+------+----------------------------+---------------+--------+-------------------+
[    9.535471] cloud-init[945]: ci-info: +++++++++++++++++++++++++++Route IPv4 info++++++++++++++++++++++++++++
[    9.537049] cloud-init[945]: ci-info: +-------+-------------+----------+---------------+-----------+-------+
[    9.544490] cloud-init[945]: ci-info: | Route | Destination | Gateway  |    Genmask    | Interface | Flags |
[    9.552590] cloud-init[945]: ci-info: +-------+-------------+----------+---------------+-----------+-------+
[    9.560549] cloud-init[945]: ci-info: |   0   |   0.0.0.0   | 10.0.2.2 |    0.0.0.0    |   enp0s3  |   UG  |
[    9.562143] cloud-init[945]: ci-info: |   1   |   10.0.2.0  | 0.0.0.0  | 255.255.255.0 |   enp0s3  |   U   |
[    9.568673] cloud-init[945]: ci-info: +-------+-------------+----------+---------------+-----------+-------+
[    9.576568] cloud-init[945]: ci-info: +++++++++++++++++++Route IPv6 info+++++++++++++++++++
[    9.584507] cloud-init[945]: ci-info: +-------+-------------+---------+-----------+-------+
[    9.586254] cloud-init[945]: ci-info: | Route | Destination | Gateway | Interface | Flags |
[    9.592337] cloud-init[945]: ci-info: +-------+-------------+---------+-----------+-------+
[    9.593828] cloud-init[945]: ci-info: |   0   |  fe80::/64  |    ::   |   enp0s3  |   U   |
[    9.604282] cloud-init[945]: ci-info: |   3   |   ff00::/8  |    ::   |   enp0s3  |   U   |
[    9.604413] cloud-init[945]: ci-info: +-------+-------------+---------+-----------+-------+
[    9.604764] cloud-init[945]: Generating public/private rsa key pair.
[    9.604865] cloud-init[945]: Your identification has been saved in /etc/ssh/ssh_host_rsa_key.
[    9.605189] cloud-init[945]: Your public key has been saved in /etc/ssh/ssh_host_rsa_key.pub.
[    9.605363] cloud-init[945]: The key fingerprint is:
[    9.605726] cloud-init[945]: SHA256:Q0Ks8+8sM60eH/eQexRx2pfx6+K4DaRzOdF6+Fk+GE0 root@ubuntu-xenial
[    9.606075] cloud-init[945]: The key's randomart image is:
[    9.606251] cloud-init[945]: +---[RSA 2048]----+
[    9.606578] cloud-init[945]: |     ..          |
[    9.606844] cloud-init[945]: |     ..     . .. |
[    9.607146] cloud-init[945]: |     .. .    =  +|
[    9.607383] cloud-init[945]: |    o  o    + .Eo|
[    9.607625] cloud-init[945]: |     o  S  o oo..|
[[0;32m  OK  [0m] Started Initial cloud-init job (metadata service crawler).
[[0;32m  OK  [0m] Reached target Cloud-config availability.
[[0;32m  OK  [0m] Reached target Network is Online.
[    9.607955] cloud-init[945]: |      .  .o.*. o |
[    9.615753] cloud-init[945]: |      .o.o+O .+. |
[    9.616866] cloud-init[945]: |      ++ooo+Oo+o |
[    9.618001] cloud-init[945]: |     .o*+ .++=...|
[    9.619108] cloud-init[945]: +----[SHA256]-----+
[    9.627430]          Starting iSCSI initiator daemon (iscsid)...
[[0;32m  OK  [0m] Reached target System Initialization.
[[0;32m  OK  [0m] Listening on D-Bus System Message Bus Socket.
[[0;32m  OK  [0m] Listening on ACPID Listen Socket.
[[0;32m  OK  [0m] Listening on UUID daemon activation socket.
[[0;32m  OK  [0m] Started Daily apt download activities.
[[0;32m  OK  [0m] Started Ubuntu Advantage update messaging.
[[0;32m  OK  [0m] Started Daily Cleanup of Temporary Directories.
[[0;32m  OK  [0m] Started Daily apt upgrade and clean activities.
         Starting Socket activation for snappy daemon.
[[0;32m  OK  [0m] Started ACPI Events Check.
[[0;32m  OK  [0m] Reached target Paths.
         Starting LXD - unix socket.
[[0;32m  OK  [0m] Started Message of the Day.
[[0;32m  OK  [0m] Reached target Timers.
[[0;32m  OK  [0m] Listening on Socket activation for snappy daemon.
cloud-init[945]: Generating public/private dsa key pair.
[    9.637105] cloud-init[945]: Your identification has been saved in /etc/ssh/ssh_host_dsa_key.[[0;32m  OK  [0m] Listening on LXD - unix socket.
[[0;32m  OK  [0m] Reached target Sockets.
[[0;32m  OK  [0m] Reached target Basic System.

[    9.639924] [[0;32m  OK  [0m] Started Deferred execution scheduler.
cloud-init[945]: Your public key has been saved in /etc/ssh/ssh_host_dsa_key.pub.         Starting Login Service...

         Starting System Logging Service...
[    9.642345] cloud-init[945]:          Starting /etc/rc.local Compatibility...
The key fingerprint is:
[    9.644859] cloud-init[[0;32m  OK  [0m] Started ACPI event daemon.
[945]: SHA256:YbbtI3eCpOvdUWW9Qe1VcIOXwu33IixaqVsqBaWFBpI root@ubuntu-xenial
[    9.646940]          Starting Accounts Service...
cloud-init[945]: The key's randomart image is:
[    9.651143] cloud-init[945]: +---[DSA 1024]----+
[    9.665026] cloud-init[945]: |  .... .    . ++*|
         Starting Pollinate to seed the pseudo random number generator...
         Starting Virtualbox guest utils...
         Starting LSB: Record successful boot for GRUB...
[[0;32m  OK  [0m] Started D-Bus System Message Bus.
[    9.684906] cloud-init[945]: |  E.  o o    +.*+|
[    9.689157] cloud-init[945]: |     . ++     *oo|
[    9.693199] cloud-init[945]: |      oo +   o .=|
[    9.697066] cloud-init[945]: |       .S .o.  .o|
[    9.699888] cloud-init[945]: |       o.o+.o . .|
[    9.702289] cloud-init[945]: |      ..o+B... . |
[    9.704022] cloud-init[945]: |      .oo* =     |
[    9.712435] cloud-init[945]: |     .o.+..      |
         Starting LSB: MD monitoring daemon...
[    9.725348] cloud-init[945]: +----[SHA256]-----+
[    9.727604] cloud-init[945]: Generating public/private ecdsa key pair.
[    9.741021] [[0;32m  OK  [0m] Started Regular background program processing daemon.
cloud-init[945]: Your identification has been saved in /etc/ssh/ssh_host_ecdsa_key.
[    9.743663] cloud-init[[0;32m  OK  [0m] Started FUSE filesystem for LXC.
         Starting Snap Daemon...
[945]: Your public key has been saved in /etc/ssh/ssh_host_ecdsa_key.pub.         Starting LXD - container startup/shutdown...
[[0;32m  OK  [0m] Started System Logging Service.
[[0;32m  OK  [0m] Started /etc/rc.local Compatibility.

[    9.757029] cloud-init[945]: The key fingerprint is:
[    9.765206] [[0;32m  OK  [0m] Started iSCSI initiator daemon (iscsid).
cloud-init[945]: SHA256:R73lYeOgULgnevTfGyTeZB10Fycp3VMuMQPSNi2POc0 root@ubuntu-xenial
[[0;32m  OK  [0m] Started Login Service.
[[0;32m  OK  [0m] Started Unattended Upgrades Shutdown.
         Starting Authenticate and Authorize Users to Run Privileged Tasks...
         Starting Login to default iSCSI targets...
[    9.772375] cloud-init[945]: The key's randomart image is:
[    9.791387] cloud-init[945]: +---[ECDSA 256]---+
[    9.793089] cloud-init[945]: |         .o..+==B|
[    9.795366] cloud-init[945]: |        .. o* =B=|
[    9.818612] cloud-init[945]: |        ....oX*.o|
[    9.830897] cloud-init[945]: |        +o..+BE=.|
[    9.832344] [cloud-init[0;32m  OK  [0m[945]: ] |       oS+o o.* .|Started LSB: Record successful boot for GRUB.

[    9.834778] cloud-init[945]: |      . .... *   |
[    9.858988] cloud-init[945]: |       .   ...o  |
[    9.873175] [[0;32m  OK  [0m] Started LSB: MD monitoring daemon.
cloud-init[945]: |            . .. |
[    9.875691] [[0;32m  OK  [0m] Started Login to default iSCSI targets.
[[0;32m  OK  [0m] Reached target Remote File Systems (Pre).
[[0;32m  OK  [0m] Reached target Remote File Systems.
         Starting LSB: Set the CPU Frequency Scaling governor to "ondemand"...
         Starting LSB: daemon to balance interrupts for SMP systems...
         Starting LSB: automatic crash report generation...
         Starting Permit User Sessions...
cloud-init[945]: |              .. |
[    9.885220] cloud-init[945]: +----[SHA256]-----+
[    9.900605] [[0;32m  OK  [0m] Started Permit User Sessions.
cloud-init[945]: Generating public/private ed25519 key pair.         Starting Hold until boot process finishes up...
         Starting Terminate Plymouth Boot Screen...

[[0;32m  OK  [0m] Started Hold until boot process finishes up.
         Starting Set console scheme...
[[0;32m  OK  [0m] Started Getty on tty1.
[[0;32m  OK  [0m] Started Serial Getty on ttyS0.
[[0;32m  OK  [0m] Reached target Login Prompts.
[[0;32m  OK  [0m] Started Terminate Plymouth Boot Screen.
[[0;32m  OK  [0m] Started Set console scheme.
[    9.931524] cloud-init[945]: Your identification has been saved in /etc/ssh/ssh_host_ed25519_key.
[    9.939220] cloud-init[945]: Your public key has been saved in /etc/ssh/ssh_host_ed25519_key.pub.
[    9.948394] cloud-init[945]: The key fingerprint is:[[0;32m  OK  [0m] Started Authenticate and Authorize Users to Run Privileged Tasks.

[[0;32m  OK  [0m] Started Accounts Service.
[[0;32m  OK  [0m] Started LSB: daemon to balance interrupts for SMP systems.
[    9.973183] cloud-init[945]: SHA256:3d532jL0WK/LIzNnSxg9vcuJ6VLfKgvgvdkEeXHSo70 root@ubuntu-xenial
[    9.976375] cloud-init[945]: The key's randomart image is:
[    9.983813] cloud-init[945]: +--[ED25519 256]--+
[   10.000556] [[0;32m  OK  [0m] Started LSB: automatic crash report generation.
[[0;32m  OK  [0m] Started LSB: Set the CPU Frequency Scaling governor to "ondemand".
cloud-init[945]: |                 |
[   10.003565] cloud-init[945]: |             .   |
[   10.005160] cloud-init[945]: |            o +  |
[   10.006729] cloud-init[945]: |         . o B o |
[   10.009646] cloud-init[945]: |        S + = + .|
[   10.018725] cloud-init[945]: |       . o + =.oo|
[   10.020593] cloud-init[945]: |        . o =.E==|
[   10.023210] cloud-init[945]: |           B=o@=B|
[   10.048411] cloud-init[945]: |          o =%B%.|
[   10.054642] cloud-init[945]: +----[SHA256]-----+
[[0;32m  OK  [0m] Started Virtualbox guest utils.
[[0;32m  OK  [0m] Started LXD - container startup/shutdown.
[[0;32m  OK  [0m] Started Snap Daemon.
         Starting Wait until snapd is fully seeded...
[[0;32m  OK  [0m] Started Pollinate to seed the pseudo random number generator.
         Starting OpenBSD Secure Shell server...
[[0;32m  OK  [0m] Started OpenBSD Secure Shell server.
[[0;32m  OK  [0m] Created slice User Slice of vagrant.
         Starting User Manager for UID 1000...
[[0;32m  OK  [0m] Started Session 1 of user vagrant.
[[0;32m  OK  [0m] Started User Manager for UID 1000.
[[0;32m  OK  [0m] Started Wait until snapd is fully seeded.
         Starting Apply the settings specified in cloud-config...
[[0;32m  OK  [0m] Reached target Multi-User System.
[[0;32m  OK  [0m] Reached target Graphical Interface.
         Starting Update UTMP about System Runlevel Changes...
[[0;32m  OK  [0m] Started Update UTMP about System Runlevel Changes.
[   13.199529] cloud-init[1365]: Generating locales (this might take a while)...
[   14.493603] cloud-init[1365]:   en_US.UTF-8... done
[   14.504515] cloud-init[1365]: Generation complete.
[   14.917565] cloud-init[1365]: Cloud-init v. 21.1-19-gbad84ad4-0ubuntu1~16.04.2 running 'modules:config' at Fri, 24 Jun 2022 23:48:37 +0000. Up 12.99 seconds.
ci-info: no authorized SSH keys fingerprints found for user ubuntu.
<14>Jun 24 23:48:40 ec2: 
<14>Jun 24 23:48:40 ec2: #############################################################
<14>Jun 24 23:48:40 ec2: -----BEGIN SSH HOST KEY FINGERPRINTS-----
<14>Jun 24 23:48:40 ec2: 1024 SHA256:YbbtI3eCpOvdUWW9Qe1VcIOXwu33IixaqVsqBaWFBpI root@ubuntu-xenial (DSA)
<14>Jun 24 23:48:40 ec2: 256 SHA256:R73lYeOgULgnevTfGyTeZB10Fycp3VMuMQPSNi2POc0 root@ubuntu-xenial (ECDSA)
<14>Jun 24 23:48:40 ec2: 256 SHA256:3d532jL0WK/LIzNnSxg9vcuJ6VLfKgvgvdkEeXHSo70 root@ubuntu-xenial (ED25519)
<14>Jun 24 23:48:40 ec2: 2048 SHA256:Q0Ks8+8sM60eH/eQexRx2pfx6+K4DaRzOdF6+Fk+GE0 root@ubuntu-xenial (RSA)
<14>Jun 24 23:48:40 ec2: -----END SSH HOST KEY FINGERPRINTS-----
<14>Jun 24 23:48:40 ec2: #############################################################
-----BEGIN SSH HOST KEY KEYS-----
ecdsa-sha2-nistp256 AAAAE2VjZHNhLXNoYTItbmlzdHAyNTYAAAAIbmlzdHAyNTYAAABBBPxinX875IMAq0TtKTRXNJakFwO1QMU42Ae4t0SG5bQq+J1GeYBA2mpAwQdYzTb0kxyDarm65DURPQfiOOSVy2w= root@ubuntu-xenial
ssh-ed25519 AAAAC3NzaC1lZDI1NTE5AAAAIBNMLJQ1aXTbLP9D3Q855FVncZxTEtWrZS/ZpsAuN3Im root@ubuntu-xenial
ssh-rsa AAAAB3NzaC1yc2EAAAADAQABAAABAQDC0ceXRCKQ/2K5Mw/JMwGPZsXBdWFJsj+YX7+aKaB0Y42qvLZKTuuyUTKoutGpU+IW4PJaDQFaIBletrJzbd6ZQhzWFvnEHrJdaMDRfWoYWaVPX06/3vw/EHILcqsMxDU5TaPdXjySC5BLvP9nbQuTvEtkAajsYP9WfeieGgG3mNi3a0ufadZoaMXwM4DDndlnHvKBMIxFKcsTzd81h7/ZHqHtGofgG/zLZZ9WcYa+mRtjXOQobGiXmPyosk281mp8tgQcL9Tq38pWyzTl9C+j9MHWn65EZqS77WDKm2hltgpke34rOBlhtOPDYODh7QsfCcLLDL2eJtrynWJ/qsCl root@ubuntu-xenial
-----END SSH HOST KEY KEYS-----
[   15.703921] cloud-init[1531]: Cloud-init v. 21.1-19-gbad84ad4-0ubuntu1~16.04.2 running 'modules:final' at Fri, 24 Jun 2022 23:48:40 +0000. Up 15.46 seconds.
[   15.704491] cloud-init[1531]: ci-info: no authorized SSH keys fingerprints found for user ubuntu.
[   15.705167] cloud-init[1531]: Cloud-init v. 21.1-19-gbad84ad4-0ubuntu1~16.04.2 finished at Fri, 24 Jun 2022 23:48:40 +0000. Datasource DataSourceNoCloud [seed=/dev/sdb][dsmode=net].  Up 15.68 seconds

Ubuntu 16.04.7 LTS ubuntu-xenial ttyS0

ubuntu-xenial login: 